Archive member included because of file (symbol)

C:/Freescale/CW MCU v10.5/MCU/ARM_GCC_Support/ewl/lib/armv6-m\libc.a(exit.o)
                              ./Project_Settings/Startup_Code/__arm_start.o (exit)
C:/Freescale/CW MCU v10.5/MCU/ARM_GCC_Support/ewl/lib/armv6-m\libc.a(memset.o)
                              ./Project_Settings/Startup_Code/__arm_start.o (memset)
C:/Freescale/CW MCU v10.5/MCU/ARM_GCC_Support/ewl/lib/armv6-m\libc.a(__filll_mem.o)
                              C:/Freescale/CW MCU v10.5/MCU/ARM_GCC_Support/ewl/lib/armv6-m\libc.a(memset.o) (__fill_mem)
c:/freescale/cw mcu v10.5/cross_tools/arm-none-eabi-gcc-4_7_3/bin/../lib/gcc/arm-none-eabi/4.7.3/armv6-m\libgcc.a(_udivsi3.o)
                              ./Sources/Drivers/uart/uart.o (__aeabi_uidiv)
c:/freescale/cw mcu v10.5/cross_tools/arm-none-eabi-gcc-4_7_3/bin/../lib/gcc/arm-none-eabi/4.7.3/armv6-m\libgcc.a(_divsi3.o)
                              ./Sources/Drivers/mcg/mcg.o (__aeabi_idiv)
c:/freescale/cw mcu v10.5/cross_tools/arm-none-eabi-gcc-4_7_3/bin/../lib/gcc/arm-none-eabi/4.7.3/armv6-m\libgcc.a(_dvmd_tls.o)
                              c:/freescale/cw mcu v10.5/cross_tools/arm-none-eabi-gcc-4_7_3/bin/../lib/gcc/arm-none-eabi/4.7.3/armv6-m\libgcc.a(_udivsi3.o) (__aeabi_idiv0)
C:/Freescale/CW MCU v10.5/MCU/ARM_GCC_Support/ewl/lib/armv6-m\librt.a(gcc_ctor_dtor.o)
                              ./Project_Settings/Startup_Code/__arm_start.o (__init_cpp)
C:/Freescale/CW MCU v10.5/MCU/ARM_GCC_Support/ewl/lib/armv6-m\librt.a(ROMCopy.o)
                              ./Project_Settings/Startup_Code/__arm_start.o (__copy_rom_sections_to_ram)
C:/Freescale/CW MCU v10.5/MCU/ARM_GCC_Support/ewl/lib/armv6-m\librt.a(__arm_eabi_init.o)
                              C:/Freescale/CW MCU v10.5/MCU/ARM_GCC_Support/ewl/lib/armv6-m\libc.a(exit.o) (__destroy_global_chain)

Allocating common symbols
Common symbol       size              file

mcg_clk_hz          0x4               ./Sources/cpu/sysinit.o
rub_checksum_calculado
                    0x1               ./Sources/main.o
core_clk_khz        0x4               ./Sources/cpu/sysinit.o
periph_clk_khz      0x4               ./Sources/cpu/sysinit.o
rub_checksum_recibido
                    0x1               ./Sources/main.o
uart0_clk_khz       0x4               ./Sources/cpu/sysinit.o
uart0_clk_hz        0x4               ./Sources/cpu/sysinit.o
i                   0x2               ./Sources/main.o
mcg_clk_khz         0x4               ./Sources/cpu/sysinit.o
rub_char            0x1               ./Sources/main.o
drs_val             0x1               ./Sources/Drivers/mcg/mcg.o
dmx32_val           0x1               ./Sources/Drivers/mcg/mcg.o
pll_clk_khz         0x4               ./Sources/cpu/sysinit.o

Discarded input sections

 .text          0x00000000        0x0 ./Project_Settings/Startup_Code/kinetis_sysinit.o
 .data          0x00000000        0x0 ./Project_Settings/Startup_Code/kinetis_sysinit.o
 .bss           0x00000000        0x0 ./Project_Settings/Startup_Code/kinetis_sysinit.o
 .text          0x00000000        0x0 ./Project_Settings/Startup_Code/__arm_start.o
 .data          0x00000000        0x0 ./Project_Settings/Startup_Code/__arm_start.o
 .bss           0x00000000        0x0 ./Project_Settings/Startup_Code/__arm_start.o
 .text.__iar_program_start
                0x00000000        0x4 ./Project_Settings/Startup_Code/__arm_start.o
 .text          0x00000000        0x0 ./Project_Settings/Startup_Code/__arm_end.o
 .data          0x00000000        0x0 ./Project_Settings/Startup_Code/__arm_end.o
 .bss           0x00000000        0x0 ./Project_Settings/Startup_Code/__arm_end.o
 .text          0x00000000        0x0 ./Sources/Common/libs.o
 .data          0x00000000        0x0 ./Sources/Common/libs.o
 .bss           0x00000000        0x0 ./Sources/Common/libs.o
 .text          0x00000000        0x0 ./Sources/Common/io.o
 .data          0x00000000        0x0 ./Sources/Common/io.o
 .bss           0x00000000        0x0 ./Sources/Common/io.o
 .text          0x00000000        0x0 ./Sources/Drivers/gpio/gpio.o
 .data          0x00000000        0x0 ./Sources/Drivers/gpio/gpio.o
 .bss           0x00000000        0x0 ./Sources/Drivers/gpio/gpio.o
 .text          0x00000000        0x0 ./Sources/Drivers/mcg/mcg.o
 .data          0x00000000        0x0 ./Sources/Drivers/mcg/mcg.o
 .bss           0x00000000        0x0 ./Sources/Drivers/mcg/mcg.o
 COMMON         0x00000000        0x2 ./Sources/Drivers/mcg/mcg.o
 .text          0x00000000        0x0 ./Sources/Drivers/uart/uart.o
 .data          0x00000000        0x0 ./Sources/Drivers/uart/uart.o
 .bss           0x00000000        0x0 ./Sources/Drivers/uart/uart.o
 .text.uart_init
                0x00000000       0xc0 ./Sources/Drivers/uart/uart.o
 .text.uart_getchar
                0x00000000       0x28 ./Sources/Drivers/uart/uart.o
 .text.uart_putchar
                0x00000000       0x2c ./Sources/Drivers/uart/uart.o
 .text.uart_getchar_present
                0x00000000       0x1c ./Sources/Drivers/uart/uart.o
 .text.uart0_getchar_present
                0x00000000       0x1c ./Sources/Drivers/uart/uart.o
 .text          0x00000000        0x0 ./Sources/cpu/sysinit.o
 .data          0x00000000        0x0 ./Sources/cpu/sysinit.o
 .bss           0x00000000        0x0 ./Sources/cpu/sysinit.o
 .text          0x00000000        0x0 ./Sources/cpu/nvic.o
 .data          0x00000000        0x0 ./Sources/cpu/nvic.o
 .bss           0x00000000        0x0 ./Sources/cpu/nvic.o
 .text.enable_irq
                0x00000000       0x64 ./Sources/cpu/nvic.o
 .text.disable_irq
                0x00000000       0x44 ./Sources/cpu/nvic.o
 .text.set_irq_priority
                0x00000000       0xb0 ./Sources/cpu/nvic.o
 .debug_info    0x00000000      0x226 ./Sources/cpu/nvic.o
 .debug_abbrev  0x00000000       0xed ./Sources/cpu/nvic.o
 .debug_loc     0x00000000       0xa8 ./Sources/cpu/nvic.o
 .debug_aranges
                0x00000000       0x30 ./Sources/cpu/nvic.o
 .debug_macinfo
                0x00000000    0x264f0 ./Sources/cpu/nvic.o
 .debug_line    0x00000000      0x26a ./Sources/cpu/nvic.o
 .debug_str     0x00000000      0x212 ./Sources/cpu/nvic.o
 .comment       0x00000000       0x7a ./Sources/cpu/nvic.o
 .ARM.attributes
                0x00000000       0x31 ./Sources/cpu/nvic.o
 .debug_frame   0x00000000       0x70 ./Sources/cpu/nvic.o
 .text          0x00000000        0x0 ./Sources/sa_mtb.o
 .data          0x00000000        0x0 ./Sources/sa_mtb.o
 .bss           0x00000000        0x0 ./Sources/sa_mtb.o
 .debug_info    0x00000000       0x21 ./Sources/sa_mtb.o
 .debug_abbrev  0x00000000       0x12 ./Sources/sa_mtb.o
 .debug_aranges
                0x00000000       0x18 ./Sources/sa_mtb.o
 .debug_macinfo
                0x00000000     0x24d8 ./Sources/sa_mtb.o
 .debug_line    0x00000000       0xaa ./Sources/sa_mtb.o
 .debug_str     0x00000000       0xcd ./Sources/sa_mtb.o
 .comment       0x00000000       0x7a ./Sources/sa_mtb.o
 .ARM.attributes
                0x00000000       0x31 ./Sources/sa_mtb.o
 .text          0x00000000        0x0 ./Sources/main.o
 .data          0x00000000        0x0 ./Sources/main.o
 .bss           0x00000000        0x0 ./Sources/main.o
 .text          0x00000000        0x0 C:/Freescale/CW MCU v10.5/MCU/ARM_GCC_Support/ewl/lib/armv6-m\libc.a(exit.o)
 .data          0x00000000        0x0 C:/Freescale/CW MCU v10.5/MCU/ARM_GCC_Support/ewl/lib/armv6-m\libc.a(exit.o)
 .bss           0x00000000        0x0 C:/Freescale/CW MCU v10.5/MCU/ARM_GCC_Support/ewl/lib/armv6-m\libc.a(exit.o)
 .text          0x00000000        0x0 C:/Freescale/CW MCU v10.5/MCU/ARM_GCC_Support/ewl/lib/armv6-m\libc.a(memset.o)
 .data          0x00000000        0x0 C:/Freescale/CW MCU v10.5/MCU/ARM_GCC_Support/ewl/lib/armv6-m\libc.a(memset.o)
 .bss           0x00000000        0x0 C:/Freescale/CW MCU v10.5/MCU/ARM_GCC_Support/ewl/lib/armv6-m\libc.a(memset.o)
 .text          0x00000000        0x0 C:/Freescale/CW MCU v10.5/MCU/ARM_GCC_Support/ewl/lib/armv6-m\libc.a(__filll_mem.o)
 .data          0x00000000        0x0 C:/Freescale/CW MCU v10.5/MCU/ARM_GCC_Support/ewl/lib/armv6-m\libc.a(__filll_mem.o)
 .bss           0x00000000        0x0 C:/Freescale/CW MCU v10.5/MCU/ARM_GCC_Support/ewl/lib/armv6-m\libc.a(__filll_mem.o)
 .data          0x00000000        0x0 c:/freescale/cw mcu v10.5/cross_tools/arm-none-eabi-gcc-4_7_3/bin/../lib/gcc/arm-none-eabi/4.7.3/armv6-m\libgcc.a(_udivsi3.o)
 .bss           0x00000000        0x0 c:/freescale/cw mcu v10.5/cross_tools/arm-none-eabi-gcc-4_7_3/bin/../lib/gcc/arm-none-eabi/4.7.3/armv6-m\libgcc.a(_udivsi3.o)
 .data          0x00000000        0x0 c:/freescale/cw mcu v10.5/cross_tools/arm-none-eabi-gcc-4_7_3/bin/../lib/gcc/arm-none-eabi/4.7.3/armv6-m\libgcc.a(_divsi3.o)
 .bss           0x00000000        0x0 c:/freescale/cw mcu v10.5/cross_tools/arm-none-eabi-gcc-4_7_3/bin/../lib/gcc/arm-none-eabi/4.7.3/armv6-m\libgcc.a(_divsi3.o)
 .data          0x00000000        0x0 c:/freescale/cw mcu v10.5/cross_tools/arm-none-eabi-gcc-4_7_3/bin/../lib/gcc/arm-none-eabi/4.7.3/armv6-m\libgcc.a(_dvmd_tls.o)
 .bss           0x00000000        0x0 c:/freescale/cw mcu v10.5/cross_tools/arm-none-eabi-gcc-4_7_3/bin/../lib/gcc/arm-none-eabi/4.7.3/armv6-m\libgcc.a(_dvmd_tls.o)
 .text          0x00000000        0x0 C:/Freescale/CW MCU v10.5/MCU/ARM_GCC_Support/ewl/lib/armv6-m\librt.a(gcc_ctor_dtor.o)
 .data          0x00000000        0x0 C:/Freescale/CW MCU v10.5/MCU/ARM_GCC_Support/ewl/lib/armv6-m\librt.a(gcc_ctor_dtor.o)
 .bss           0x00000000        0x0 C:/Freescale/CW MCU v10.5/MCU/ARM_GCC_Support/ewl/lib/armv6-m\librt.a(gcc_ctor_dtor.o)
 .bss.__dso_handle
                0x00000000        0x4 C:/Freescale/CW MCU v10.5/MCU/ARM_GCC_Support/ewl/lib/armv6-m\librt.a(gcc_ctor_dtor.o)
 .text          0x00000000        0x0 C:/Freescale/CW MCU v10.5/MCU/ARM_GCC_Support/ewl/lib/armv6-m\librt.a(ROMCopy.o)
 .data          0x00000000        0x0 C:/Freescale/CW MCU v10.5/MCU/ARM_GCC_Support/ewl/lib/armv6-m\librt.a(ROMCopy.o)
 .bss           0x00000000        0x0 C:/Freescale/CW MCU v10.5/MCU/ARM_GCC_Support/ewl/lib/armv6-m\librt.a(ROMCopy.o)
 .text.__flush_cache
                0x00000000        0x2 C:/Freescale/CW MCU v10.5/MCU/ARM_GCC_Support/ewl/lib/armv6-m\librt.a(ROMCopy.o)
 .text          0x00000000        0x0 C:/Freescale/CW MCU v10.5/MCU/ARM_GCC_Support/ewl/lib/armv6-m\librt.a(__arm_eabi_init.o)
 .data          0x00000000        0x0 C:/Freescale/CW MCU v10.5/MCU/ARM_GCC_Support/ewl/lib/armv6-m\librt.a(__arm_eabi_init.o)
 .bss           0x00000000        0x0 C:/Freescale/CW MCU v10.5/MCU/ARM_GCC_Support/ewl/lib/armv6-m\librt.a(__arm_eabi_init.o)
 .text.__register_global_object
                0x00000000       0x14 C:/Freescale/CW MCU v10.5/MCU/ARM_GCC_Support/ewl/lib/armv6-m\librt.a(__arm_eabi_init.o)
 .text.__cxa_atexit
                0x00000000       0x38 C:/Freescale/CW MCU v10.5/MCU/ARM_GCC_Support/ewl/lib/armv6-m\librt.a(__arm_eabi_init.o)
 .text.__aeabi_atexit
                0x00000000        0xe C:/Freescale/CW MCU v10.5/MCU/ARM_GCC_Support/ewl/lib/armv6-m\librt.a(__arm_eabi_init.o)
 .text.__register_atexit
                0x00000000        0xc C:/Freescale/CW MCU v10.5/MCU/ARM_GCC_Support/ewl/lib/armv6-m\librt.a(__arm_eabi_init.o)
 .text.__init_hardware
                0x00000000        0x4 C:/Freescale/CW MCU v10.5/MCU/ARM_GCC_Support/ewl/lib/armv6-m\librt.a(__arm_eabi_init.o)
 .bss.atexit_curr_func
                0x00000000        0x4 C:/Freescale/CW MCU v10.5/MCU/ARM_GCC_Support/ewl/lib/armv6-m\librt.a(__arm_eabi_init.o)
 .bss.atexit_funcs
                0x00000000      0x300 C:/Freescale/CW MCU v10.5/MCU/ARM_GCC_Support/ewl/lib/armv6-m\librt.a(__arm_eabi_init.o)

Memory Configuration

Name             Origin             Length             Attributes
m_interrupts     0x00000000         0x000000c0         xr
m_cfmprotrom     0x00000400         0x00000010         xr
m_text           0x00000800         0x0001f800         xr
m_data           0x1ffff000         0x00004000         xrw
*default*        0x00000000         0xffffffff

Linker script and memory map

LOAD ./Project_Settings/Startup_Code/kinetis_sysinit.o
LOAD ./Project_Settings/Startup_Code/__arm_start.o
LOAD ./Project_Settings/Startup_Code/__arm_end.o
LOAD ./Sources/Common/libs.o
LOAD ./Sources/Common/io.o
LOAD ./Sources/Drivers/gpio/gpio.o
LOAD ./Sources/Drivers/mcg/mcg.o
LOAD ./Sources/Drivers/uart/uart.o
LOAD ./Sources/cpu/sysinit.o
LOAD ./Sources/cpu/nvic.o
LOAD ./Sources/sa_mtb.o
LOAD ./Sources/main.o
START GROUP
LOAD C:/Freescale/CW MCU v10.5/MCU/ARM_GCC_Support/ewl/lib/armv6-m\libc.a
LOAD C:/Freescale/CW MCU v10.5/MCU/ARM_GCC_Support/ewl/lib/armv6-m\libm.a
LOAD c:/freescale/cw mcu v10.5/cross_tools/arm-none-eabi-gcc-4_7_3/bin/../lib/gcc/arm-none-eabi/4.7.3/armv6-m\libgcc.a
LOAD C:/Freescale/CW MCU v10.5/MCU/ARM_GCC_Support/ewl/lib/armv6-m\librt.a
END GROUP
                0x20003000                _estack = 0x20003000
                0x20003000                __SP_INIT = _estack
                0x00000400                __heap_size = 0x400
                0x00000400                __stack_size = 0x400

.interrupts     0x00000000       0xc0
                0x00000000                __vector_table = .
                0x00000000                . = ALIGN (0x4)
 *(.vectortable)
 .vectortable   0x00000000       0xc0 ./Project_Settings/Startup_Code/kinetis_sysinit.o
                0x00000000                InterruptVector
                0x000000c0                . = ALIGN (0x4)

.cfmprotect     0x00000400        0x0
                0x00000400                . = ALIGN (0x4)
 *(.cfmconfig)
                0x00000400                . = ALIGN (0x4)

.text           0x00000800     0x133c
                0x00000800                . = ALIGN (0x4)
 *(.text)
 .text          0x00000800       0x9c c:/freescale/cw mcu v10.5/cross_tools/arm-none-eabi-gcc-4_7_3/bin/../lib/gcc/arm-none-eabi/4.7.3/armv6-m\libgcc.a(_udivsi3.o)
                0x00000800                __aeabi_uidiv
                0x00000800                __udivsi3
                0x00000888                __aeabi_uidivmod
 .text          0x0000089c       0xc0 c:/freescale/cw mcu v10.5/cross_tools/arm-none-eabi-gcc-4_7_3/bin/../lib/gcc/arm-none-eabi/4.7.3/armv6-m\libgcc.a(_divsi3.o)
                0x0000089c                __divsi3
                0x0000089c                __aeabi_idiv
                0x00000948                __aeabi_idivmod
 .text          0x0000095c        0x4 c:/freescale/cw mcu v10.5/cross_tools/arm-none-eabi-gcc-4_7_3/bin/../lib/gcc/arm-none-eabi/4.7.3/armv6-m\libgcc.a(_dvmd_tls.o)
                0x0000095c                __aeabi_idiv0
                0x0000095c                __aeabi_ldiv0
 *(.text*)
 .text.Default_Handler
                0x00000960        0xc ./Project_Settings/Startup_Code/kinetis_sysinit.o
                0x00000960                RTC_Alarm_IRQHandler
                0x00000960                I2C0_IRQHandler
                0x00000960                HardFault_Handler
                0x00000960                SysTick_Handler
                0x00000960                PendSV_Handler
                0x00000960                NMI_Handler
                0x00000960                I2C1_IRQHandler
                0x00000960                UART1_IRQHandler
                0x00000960                DMA2_IRQHandler
                0x00000960                TSI0_IRQHandler
                0x00000960                UART0_IRQHandler
                0x00000960                ADC0_IRQHandler
                0x00000960                SPI1_IRQHandler
                0x00000960                PORTD_IRQHandler
                0x00000960                LPTimer_IRQHandler
                0x00000960                FTM1_IRQHandler
                0x00000960                RTC_Seconds_IRQHandler
                0x00000960                MCG_IRQHandler
                0x00000960                UART2_IRQHandler
                0x00000960                Default_Handler
                0x00000960                LLW_IRQHandler
                0x00000960                PIT_IRQHandler
                0x00000960                SVC_Handler
                0x00000960                USBOTG_IRQHandler
                0x00000960                DMA3_IRQHandler
                0x00000960                DMA0_IRQHandler
                0x00000960                DAC0_IRQHandler
                0x00000960                PMC_IRQHandler
                0x00000960                SPI0_IRQHandler
                0x00000960                FTM0_IRQHandler
                0x00000960                PORTA_IRQHandler
                0x00000960                MCM_IRQHandler
                0x00000960                FTFL_IRQHandler
                0x00000960                FTM2_IRQHandler
                0x00000960                CMP0_IRQHandler
                0x00000960                DMA1_IRQHandler
 .text.__init_hardware
                0x0000096c       0x30 ./Project_Settings/Startup_Code/kinetis_sysinit.o
                0x0000096c                __init_hardware
 .text.zero_fill_bss
                0x0000099c       0x24 ./Project_Settings/Startup_Code/__arm_start.o
 .text.__thumb_startup
                0x000009c0       0x30 ./Project_Settings/Startup_Code/__arm_start.o
                0x000009c0                __thumb_startup
 .text._ExitProcess
                0x000009f0        0xc ./Project_Settings/Startup_Code/__arm_end.o
                0x000009f0                _ExitProcess
 .text.put      0x000009fc       0x28 ./Sources/Common/libs.o
                0x000009fc                put
 .text.in_char  0x00000a24       0x18 ./Sources/Common/io.o
                0x00000a24                in_char
 .text.out_char
                0x00000a3c       0x24 ./Sources/Common/io.o
                0x00000a3c                out_char
 .text.rgb_init
                0x00000a60       0x94 ./Sources/Drivers/gpio/gpio.o
                0x00000a60                rgb_init
 .text.pll_init
                0x00000af4      0x548 ./Sources/Drivers/mcg/mcg.o
                0x00000af4                pll_init
 .text.uart0_init
                0x0000103c      0x230 ./Sources/Drivers/uart/uart.o
                0x0000103c                uart0_init
 .text.uart0_getchar
                0x0000126c       0x28 ./Sources/Drivers/uart/uart.o
                0x0000126c                uart0_getchar
 .text.uart0_putchar
                0x00001294       0x2c ./Sources/Drivers/uart/uart.o
                0x00001294                uart0_putchar
 .text.sysinit  0x000012c0      0x130 ./Sources/cpu/sysinit.o
                0x000012c0                sysinit
 .text.main     0x000013f0      0x200 ./Sources/main.o
                0x000013f0                main
 .text.print_input_byte
                0x000015f0      0x104 ./Sources/main.o
                0x000015f0                print_input_byte
 .text.checksum_is_right
                0x000016f4       0x6c ./Sources/main.o
                0x000016f4                checksum_is_right
 .text.execute_commands_in_input_byte
                0x00001760       0xb0 ./Sources/main.o
                0x00001760                execute_commands_in_input_byte
 .text.Lights_Off
                0x00001810       0x30 ./Sources/main.o
                0x00001810                Lights_Off
 .text.Half_Light
                0x00001840       0x30 ./Sources/main.o
                0x00001840                Half_Light
 .text.Lights_On
                0x00001870       0x68 ./Sources/main.o
                0x00001870                Lights_On
 .text.exit     0x000018d8       0x38 C:/Freescale/CW MCU v10.5/MCU/ARM_GCC_Support/ewl/lib/armv6-m\libc.a(exit.o)
                0x000018d8                exit
 .text.memset   0x00001910        0xc C:/Freescale/CW MCU v10.5/MCU/ARM_GCC_Support/ewl/lib/armv6-m\libc.a(memset.o)
                0x00001910                memset
 .text.__fill_mem
                0x0000191c       0x7e C:/Freescale/CW MCU v10.5/MCU/ARM_GCC_Support/ewl/lib/armv6-m\libc.a(__filll_mem.o)
                0x0000191c                __fill_mem
 *fill*         0x0000199a        0x2 00
 .text.__init_cpp
                0x0000199c       0x48 C:/Freescale/CW MCU v10.5/MCU/ARM_GCC_Support/ewl/lib/armv6-m\librt.a(gcc_ctor_dtor.o)
                0x0000199c                __init_cpp
 .text.__fini_cpp
                0x000019e4       0x34 C:/Freescale/CW MCU v10.5/MCU/ARM_GCC_Support/ewl/lib/armv6-m\librt.a(gcc_ctor_dtor.o)
                0x000019e4                __fini_cpp
 .text.__copy_rom_section
                0x00001a18       0x48 C:/Freescale/CW MCU v10.5/MCU/ARM_GCC_Support/ewl/lib/armv6-m\librt.a(ROMCopy.o)
                0x00001a18                __copy_rom_section
 .text.__copy_rom_sections_to_ram
                0x00001a60       0x34 C:/Freescale/CW MCU v10.5/MCU/ARM_GCC_Support/ewl/lib/armv6-m\librt.a(ROMCopy.o)
                0x00001a60                __copy_rom_sections_to_ram
 .text.__destroy_global_chain
                0x00001a94       0x1c C:/Freescale/CW MCU v10.5/MCU/ARM_GCC_Support/ewl/lib/armv6-m\librt.a(__arm_eabi_init.o)
                0x00001a94                __destroy_global_chain
 .text.__init_registers
                0x00001ab0       0x1c C:/Freescale/CW MCU v10.5/MCU/ARM_GCC_Support/ewl/lib/armv6-m\librt.a(__arm_eabi_init.o)
                0x00001ab0                __init_registers
 .text.__init_user
                0x00001acc        0x4 C:/Freescale/CW MCU v10.5/MCU/ARM_GCC_Support/ewl/lib/armv6-m\librt.a(__arm_eabi_init.o)
                0x00001acc                __init_user
 *(.rodata)
 .rodata        0x00001ad0       0x6c ./Sources/main.o
 *(.rodata*)
 *(.glue_7)
 .glue_7        0x00000000        0x0 linker stubs
 *(.glue_7t)
 .glue_7t       0x00000000        0x0 linker stubs
 *(.eh_frame)
 *(.init)
 *(.fini)
                0x00001b3c                . = ALIGN (0x4)
                0x00001b3c                _etext = .

.vfp11_veneer   0x00001b3c        0x0
 .vfp11_veneer  0x00000000        0x0 linker stubs

.v4_bx          0x00001b3c        0x0
 .v4_bx         0x00000000        0x0 linker stubs

.iplt           0x00001b3c        0x0
 .iplt          0x00000000        0x0 ./Project_Settings/Startup_Code/kinetis_sysinit.o

.rel.dyn        0x00001b3c        0x0
 .rel.iplt      0x00000000        0x0 ./Project_Settings/Startup_Code/kinetis_sysinit.o

.ARM.extab
 *(.ARM.extab* .gnu.linkonce.armextab.*)

.ARM            0x00001b3c        0x0
                0x00001b3c                __exidx_start = .
 *(.ARM.exidx*)
                0x00001b3c                __exidx_end = .

.ctors          0x00001b3c        0x0
                0x00001b3c                __CTOR_LIST__ = .
 *crtbegin.o(.ctors)
 *(EXCLUDE_FILE(*crtend.o) .ctors)
 *(SORT(.ctors.*))
 *(.ctors)
                0x00001b3c                __CTOR_END__ = .

.dtors          0x00001b3c        0x0
                0x00001b3c                __DTOR_LIST__ = .
 *crtbegin.o(.dtors)
 *(EXCLUDE_FILE(*crtend.o) .dtors)
 *(SORT(.dtors.*))
 *(.dtors)
                0x00001b3c                __DTOR_END__ = .

.preinit_array  0x00001b3c        0x0
                0x00001b3c                PROVIDE (__preinit_array_start, .)
 *(.preinit_array*)
                0x00001b3c                PROVIDE (__preinit_array_end, .)

.init_array     0x00001b3c        0x0
                0x00001b3c                PROVIDE (__init_array_start, .)
 *(SORT(.init_array.*))
 *(.init_array*)
                0x00001b3c                PROVIDE (__init_array_end, .)

.fini_array     0x00001b3c        0x0
                0x00001b3c                PROVIDE (__fini_array_start, .)
 *(SORT(.fini_array.*))
 *(.fini_array*)
                0x00001b3c                PROVIDE (__fini_array_end, .)
                0x00001b3c                ___ROM_AT = .

.mtb            0x1ffff000        0x0
                0x1ffff000                . = ALIGN (0x8)
                0x1ffff000                _mtb_start = .
 *(.mtb_buf)
                0x1ffff000                . = ALIGN (0x8)
                0x1ffff000                _mtb_end = .

.data           0x1ffff000        0x0 load address 0x00001b3c
                0x1ffff000                . = ALIGN (0x4)
                0x1ffff000                _sdata = .
 *(.data)
 *(.data*)
                0x1ffff000                . = ALIGN (0x4)
                0x1ffff000                _edata = .
                0x00000000                ___data_size = (_edata - _sdata)

.igot.plt       0x1ffff000        0x0
 .igot.plt      0x00000000        0x0 ./Project_Settings/Startup_Code/kinetis_sysinit.o
                0x1ffff000                . = ALIGN (0x4)

.bss            0x1ffff000       0x44
                0x1ffff000                __START_BSS = .
                0x1ffff000                PROVIDE (__bss_start__, __START_BSS)
 *(.bss)
 *(.bss*)
 .bss.argv      0x1ffff000        0x4 ./Project_Settings/Startup_Code/__arm_start.o
 .bss.rub_entradaByte
                0x1ffff004        0x1 ./Sources/main.o
                0x1ffff004                rub_entradaByte
 .bss.rub_current_lights
                0x1ffff005        0x1 ./Sources/main.o
                0x1ffff005                rub_current_lights
 *fill*         0x1ffff006        0x2 00
 .bss.__stdio_exit
                0x1ffff008        0x4 C:/Freescale/CW MCU v10.5/MCU/ARM_GCC_Support/ewl/lib/armv6-m\libc.a(exit.o)
                0x1ffff008                __stdio_exit
 .bss.__console_exit
                0x1ffff00c        0x4 C:/Freescale/CW MCU v10.5/MCU/ARM_GCC_Support/ewl/lib/armv6-m\libc.a(exit.o)
                0x1ffff00c                __console_exit
 .bss.__S_romp  0x1ffff010        0xc C:/Freescale/CW MCU v10.5/MCU/ARM_GCC_Support/ewl/lib/armv6-m\librt.a(ROMCopy.o)
 .bss.__global_destructor_chain
                0x1ffff01c        0x4 C:/Freescale/CW MCU v10.5/MCU/ARM_GCC_Support/ewl/lib/armv6-m\librt.a(__arm_eabi_init.o)
                0x1ffff01c                __global_destructor_chain
 *(COMMON)
 COMMON         0x1ffff020       0x1c ./Sources/cpu/sysinit.o
                0x1ffff020                mcg_clk_hz
                0x1ffff024                core_clk_khz
                0x1ffff028                periph_clk_khz
                0x1ffff02c                uart0_clk_khz
                0x1ffff030                uart0_clk_hz
                0x1ffff034                mcg_clk_khz
                0x1ffff038                pll_clk_khz
 COMMON         0x1ffff03c        0x5 ./Sources/main.o
                0x1ffff03c                rub_checksum_calculado
                0x1ffff03d                rub_checksum_recibido
                0x1ffff03e                i
                0x1ffff040                rub_char
                0x1ffff044                . = ALIGN (0x4)
 *fill*         0x1ffff041        0x3 00
                0x1ffff044                __END_BSS = .
                0x1ffff044                PROVIDE (__bss_end__, __END_BSS)
                0x00001b3c                _romp_at = (___ROM_AT + SIZEOF (.data))

.romp           0x1ffff044       0x18 load address 0x00001b3c
                0x00001b3c                __S_romp = _romp_at
                0x1ffff044        0x4 LONG 0x1b3c ___ROM_AT
                0x1ffff048        0x4 LONG 0x1ffff000 _sdata
                0x1ffff04c        0x4 LONG 0x0 ___data_size
                0x1ffff050        0x4 LONG 0x0
                0x1ffff054        0x4 LONG 0x0
                0x1ffff058        0x4 LONG 0x0

._user_heap_stack
                0x1ffff05c      0x800 load address 0x00001b54
                0x1ffff05c                . = ALIGN (0x4)
                0x1ffff05c                PROVIDE (end, .)
                0x1ffff05c                PROVIDE (_end, .)
                0x1ffff05c                __heap_addr = .
                0x1ffff45c                . = (. + __heap_size)
 *fill*         0x1ffff05c      0x400 00
                0x1ffff85c                . = (. + __stack_size)
 *fill*         0x1ffff45c      0x400 00
                0x1ffff85c                . = ALIGN (0x4)

.ARM.attributes
                0x00000000       0x31
 *(.ARM.attributes)
 .ARM.attributes
                0x00000000       0x31 ./Project_Settings/Startup_Code/kinetis_sysinit.o
 .ARM.attributes
                0x00000031       0x31 ./Project_Settings/Startup_Code/__arm_start.o
 .ARM.attributes
                0x00000062       0x31 ./Project_Settings/Startup_Code/__arm_end.o
 .ARM.attributes
                0x00000093       0x31 ./Sources/Common/libs.o
 .ARM.attributes
                0x000000c4       0x31 ./Sources/Common/io.o
 .ARM.attributes
                0x000000f5       0x31 ./Sources/Drivers/gpio/gpio.o
 .ARM.attributes
                0x00000126       0x31 ./Sources/Drivers/mcg/mcg.o
 .ARM.attributes
                0x00000157       0x31 ./Sources/Drivers/uart/uart.o
 .ARM.attributes
                0x00000188       0x31 ./Sources/cpu/sysinit.o
 .ARM.attributes
                0x000001b9       0x31 ./Sources/main.o
 .ARM.attributes
                0x000001ea       0x31 C:/Freescale/CW MCU v10.5/MCU/ARM_GCC_Support/ewl/lib/armv6-m\libc.a(exit.o)
 .ARM.attributes
                0x0000021b       0x31 C:/Freescale/CW MCU v10.5/MCU/ARM_GCC_Support/ewl/lib/armv6-m\libc.a(memset.o)
 .ARM.attributes
                0x0000024c       0x31 C:/Freescale/CW MCU v10.5/MCU/ARM_GCC_Support/ewl/lib/armv6-m\libc.a(__filll_mem.o)
 .ARM.attributes
                0x0000027d       0x1e c:/freescale/cw mcu v10.5/cross_tools/arm-none-eabi-gcc-4_7_3/bin/../lib/gcc/arm-none-eabi/4.7.3/armv6-m\libgcc.a(_udivsi3.o)
 .ARM.attributes
                0x0000029b       0x1e c:/freescale/cw mcu v10.5/cross_tools/arm-none-eabi-gcc-4_7_3/bin/../lib/gcc/arm-none-eabi/4.7.3/armv6-m\libgcc.a(_divsi3.o)
 .ARM.attributes
                0x000002b9       0x1e c:/freescale/cw mcu v10.5/cross_tools/arm-none-eabi-gcc-4_7_3/bin/../lib/gcc/arm-none-eabi/4.7.3/armv6-m\libgcc.a(_dvmd_tls.o)
 .ARM.attributes
                0x000002d7       0x31 C:/Freescale/CW MCU v10.5/MCU/ARM_GCC_Support/ewl/lib/armv6-m\librt.a(gcc_ctor_dtor.o)
 .ARM.attributes
                0x00000308       0x31 C:/Freescale/CW MCU v10.5/MCU/ARM_GCC_Support/ewl/lib/armv6-m\librt.a(ROMCopy.o)
 .ARM.attributes
                0x00000339       0x31 C:/Freescale/CW MCU v10.5/MCU/ARM_GCC_Support/ewl/lib/armv6-m\librt.a(__arm_eabi_init.o)
OUTPUT(FRDM-KL25Z-UART.elf elf32-littlearm)

.debug_info     0x00000000     0x251c
 .debug_info    0x00000000      0x447 ./Project_Settings/Startup_Code/kinetis_sysinit.o
 .debug_info    0x00000447      0x12a ./Project_Settings/Startup_Code/__arm_start.o
 .debug_info    0x00000571       0x54 ./Project_Settings/Startup_Code/__arm_end.o
 .debug_info    0x000005c5       0x9d ./Sources/Common/libs.o
 .debug_info    0x00000662      0x22a ./Sources/Common/io.o
 .debug_info    0x0000088c      0x3ca ./Sources/Drivers/gpio/gpio.o
 .debug_info    0x00000c56      0x289 ./Sources/Drivers/mcg/mcg.o
 .debug_info    0x00000edf      0x664 ./Sources/Drivers/uart/uart.o
 .debug_info    0x00001543      0x53d ./Sources/cpu/sysinit.o
 .debug_info    0x00001a80      0x207 ./Sources/main.o
 .debug_info    0x00001c87       0xe8 C:/Freescale/CW MCU v10.5/MCU/ARM_GCC_Support/ewl/lib/armv6-m\libc.a(exit.o)
 .debug_info    0x00001d6f       0xec C:/Freescale/CW MCU v10.5/MCU/ARM_GCC_Support/ewl/lib/armv6-m\libc.a(memset.o)
 .debug_info    0x00001e5b      0x137 C:/Freescale/CW MCU v10.5/MCU/ARM_GCC_Support/ewl/lib/armv6-m\libc.a(__filll_mem.o)
 .debug_info    0x00001f92      0x136 C:/Freescale/CW MCU v10.5/MCU/ARM_GCC_Support/ewl/lib/armv6-m\librt.a(gcc_ctor_dtor.o)
 .debug_info    0x000020c8      0x19b C:/Freescale/CW MCU v10.5/MCU/ARM_GCC_Support/ewl/lib/armv6-m\librt.a(ROMCopy.o)
 .debug_info    0x00002263      0x2b9 C:/Freescale/CW MCU v10.5/MCU/ARM_GCC_Support/ewl/lib/armv6-m\librt.a(__arm_eabi_init.o)

.debug_abbrev   0x00000000      0xc47
 .debug_abbrev  0x00000000       0xe7 ./Project_Settings/Startup_Code/kinetis_sysinit.o
 .debug_abbrev  0x000000e7       0x92 ./Project_Settings/Startup_Code/__arm_start.o
 .debug_abbrev  0x00000179       0x4c ./Project_Settings/Startup_Code/__arm_end.o
 .debug_abbrev  0x000001c5       0x57 ./Sources/Common/libs.o
 .debug_abbrev  0x0000021c       0xab ./Sources/Common/io.o
 .debug_abbrev  0x000002c7       0xbe ./Sources/Drivers/gpio/gpio.o
 .debug_abbrev  0x00000385       0xe8 ./Sources/Drivers/mcg/mcg.o
 .debug_abbrev  0x0000046d      0x17a ./Sources/Drivers/uart/uart.o
 .debug_abbrev  0x000005e7       0xcf ./Sources/cpu/sysinit.o
 .debug_abbrev  0x000006b6       0xd1 ./Sources/main.o
 .debug_abbrev  0x00000787       0x7a C:/Freescale/CW MCU v10.5/MCU/ARM_GCC_Support/ewl/lib/armv6-m\libc.a(exit.o)
 .debug_abbrev  0x00000801       0x62 C:/Freescale/CW MCU v10.5/MCU/ARM_GCC_Support/ewl/lib/armv6-m\libc.a(memset.o)
 .debug_abbrev  0x00000863       0x78 C:/Freescale/CW MCU v10.5/MCU/ARM_GCC_Support/ewl/lib/armv6-m\libc.a(__filll_mem.o)
 .debug_abbrev  0x000008db       0x99 C:/Freescale/CW MCU v10.5/MCU/ARM_GCC_Support/ewl/lib/armv6-m\librt.a(gcc_ctor_dtor.o)
 .debug_abbrev  0x00000974      0x120 C:/Freescale/CW MCU v10.5/MCU/ARM_GCC_Support/ewl/lib/armv6-m\librt.a(ROMCopy.o)
 .debug_abbrev  0x00000a94      0x1b3 C:/Freescale/CW MCU v10.5/MCU/ARM_GCC_Support/ewl/lib/armv6-m\librt.a(__arm_eabi_init.o)

.debug_loc      0x00000000      0x9ee
 .debug_loc     0x00000000       0x58 ./Project_Settings/Startup_Code/kinetis_sysinit.o
 .debug_loc     0x00000058       0x2c ./Project_Settings/Startup_Code/__arm_start.o
 .debug_loc     0x00000084       0x38 ./Project_Settings/Startup_Code/__arm_end.o
 .debug_loc     0x000000bc       0x38 ./Sources/Common/libs.o
 .debug_loc     0x000000f4       0x64 ./Sources/Common/io.o
 .debug_loc     0x00000158       0x2c ./Sources/Drivers/gpio/gpio.o
 .debug_loc     0x00000184       0x38 ./Sources/Drivers/mcg/mcg.o
 .debug_loc     0x000001bc      0x1c2 ./Sources/Drivers/uart/uart.o
 .debug_loc     0x0000037e       0x38 ./Sources/cpu/sysinit.o
 .debug_loc     0x000003b6      0x134 ./Sources/main.o
 .debug_loc     0x000004ea       0x3e C:/Freescale/CW MCU v10.5/MCU/ARM_GCC_Support/ewl/lib/armv6-m\libc.a(exit.o)
 .debug_loc     0x00000528       0x6f C:/Freescale/CW MCU v10.5/MCU/ARM_GCC_Support/ewl/lib/armv6-m\libc.a(memset.o)
 .debug_loc     0x00000597      0x14a C:/Freescale/CW MCU v10.5/MCU/ARM_GCC_Support/ewl/lib/armv6-m\libc.a(__filll_mem.o)
 .debug_loc     0x000006e1       0x9d C:/Freescale/CW MCU v10.5/MCU/ARM_GCC_Support/ewl/lib/armv6-m\librt.a(gcc_ctor_dtor.o)
 .debug_loc     0x0000077e       0xd9 C:/Freescale/CW MCU v10.5/MCU/ARM_GCC_Support/ewl/lib/armv6-m\librt.a(ROMCopy.o)
 .debug_loc     0x00000857      0x197 C:/Freescale/CW MCU v10.5/MCU/ARM_GCC_Support/ewl/lib/armv6-m\librt.a(__arm_eabi_init.o)

.debug_aranges  0x00000000      0x2d8
 .debug_aranges
                0x00000000       0x28 ./Project_Settings/Startup_Code/kinetis_sysinit.o
 .debug_aranges
                0x00000028       0x30 ./Project_Settings/Startup_Code/__arm_start.o
 .debug_aranges
                0x00000058       0x20 ./Project_Settings/Startup_Code/__arm_end.o
 .debug_aranges
                0x00000078       0x20 ./Sources/Common/libs.o
 .debug_aranges
                0x00000098       0x28 ./Sources/Common/io.o
 .debug_aranges
                0x000000c0       0x20 ./Sources/Drivers/gpio/gpio.o
 .debug_aranges
                0x000000e0       0x20 ./Sources/Drivers/mcg/mcg.o
 .debug_aranges
                0x00000100       0x58 ./Sources/Drivers/uart/uart.o
 .debug_aranges
                0x00000158       0x20 ./Sources/cpu/sysinit.o
 .debug_aranges
                0x00000178       0x50 ./Sources/main.o
 .debug_aranges
                0x000001c8       0x20 C:/Freescale/CW MCU v10.5/MCU/ARM_GCC_Support/ewl/lib/armv6-m\libc.a(exit.o)
 .debug_aranges
                0x000001e8       0x20 C:/Freescale/CW MCU v10.5/MCU/ARM_GCC_Support/ewl/lib/armv6-m\libc.a(memset.o)
 .debug_aranges
                0x00000208       0x20 C:/Freescale/CW MCU v10.5/MCU/ARM_GCC_Support/ewl/lib/armv6-m\libc.a(__filll_mem.o)
 .debug_aranges
                0x00000228       0x28 C:/Freescale/CW MCU v10.5/MCU/ARM_GCC_Support/ewl/lib/armv6-m\librt.a(gcc_ctor_dtor.o)
 .debug_aranges
                0x00000250       0x30 C:/Freescale/CW MCU v10.5/MCU/ARM_GCC_Support/ewl/lib/armv6-m\librt.a(ROMCopy.o)
 .debug_aranges
                0x00000280       0x58 C:/Freescale/CW MCU v10.5/MCU/ARM_GCC_Support/ewl/lib/armv6-m\librt.a(__arm_eabi_init.o)

.debug_macinfo  0x00000000   0x13b163
 .debug_macinfo
                0x00000000    0x264c7 ./Project_Settings/Startup_Code/kinetis_sysinit.o
 .debug_macinfo
                0x000264c7     0x3e6d ./Project_Settings/Startup_Code/__arm_start.o
 .debug_macinfo
                0x0002a334     0x3456 ./Project_Settings/Startup_Code/__arm_end.o
 .debug_macinfo
                0x0002d78a    0x26911 ./Sources/Common/libs.o
 .debug_macinfo
                0x0005409b    0x26911 ./Sources/Common/io.o
 .debug_macinfo
                0x0007a9ac    0x26654 ./Sources/Drivers/gpio/gpio.o
 .debug_macinfo
                0x000a1000    0x265c3 ./Sources/Drivers/mcg/mcg.o
 .debug_macinfo
                0x000c75c3    0x26915 ./Sources/Drivers/uart/uart.o
 .debug_macinfo
                0x000eded8    0x26911 ./Sources/cpu/sysinit.o
 .debug_macinfo
                0x001147e9    0x2697a ./Sources/main.o

.debug_line     0x00000000     0x3096
 .debug_line    0x00000000      0x30b ./Project_Settings/Startup_Code/kinetis_sysinit.o
 .debug_line    0x0000030b      0x2f2 ./Project_Settings/Startup_Code/__arm_start.o
 .debug_line    0x000005fd      0x266 ./Project_Settings/Startup_Code/__arm_end.o
 .debug_line    0x00000863      0x5e0 ./Sources/Common/libs.o
 .debug_line    0x00000e43      0x5ed ./Sources/Common/io.o
 .debug_line    0x00001430      0x247 ./Sources/Drivers/gpio/gpio.o
 .debug_line    0x00001677      0x2d9 ./Sources/Drivers/mcg/mcg.o
 .debug_line    0x00001950      0x6c3 ./Sources/Drivers/uart/uart.o
 .debug_line    0x00002013      0x5f3 ./Sources/cpu/sysinit.o
 .debug_line    0x00002606      0x63d ./Sources/main.o
 .debug_line    0x00002c43       0x8d C:/Freescale/CW MCU v10.5/MCU/ARM_GCC_Support/ewl/lib/armv6-m\libc.a(exit.o)
 .debug_line    0x00002cd0       0x90 C:/Freescale/CW MCU v10.5/MCU/ARM_GCC_Support/ewl/lib/armv6-m\libc.a(memset.o)
 .debug_line    0x00002d60       0xf6 C:/Freescale/CW MCU v10.5/MCU/ARM_GCC_Support/ewl/lib/armv6-m\libc.a(__filll_mem.o)
 .debug_line    0x00002e56       0x6c C:/Freescale/CW MCU v10.5/MCU/ARM_GCC_Support/ewl/lib/armv6-m\librt.a(gcc_ctor_dtor.o)
 .debug_line    0x00002ec2       0xbd C:/Freescale/CW MCU v10.5/MCU/ARM_GCC_Support/ewl/lib/armv6-m\librt.a(ROMCopy.o)
 .debug_line    0x00002f7f      0x117 C:/Freescale/CW MCU v10.5/MCU/ARM_GCC_Support/ewl/lib/armv6-m\librt.a(__arm_eabi_init.o)

.debug_str      0x00000000      0xbc2
 .debug_str     0x00000000      0x2f0 ./Project_Settings/Startup_Code/kinetis_sysinit.o
                                0x317 (size before relaxing)
 .debug_str     0x000002f0       0x85 ./Project_Settings/Startup_Code/__arm_start.o
                                0x1f1 (size before relaxing)
 .debug_str     0x00000375       0xa8 ./Project_Settings/Startup_Code/__arm_end.o
                                0x107 (size before relaxing)
 .debug_str     0x0000041d       0x21 ./Sources/Common/libs.o
                                0x180 (size before relaxing)
 .debug_str     0x0000043e       0x60 ./Sources/Common/io.o
                                0x1c7 (size before relaxing)
 .debug_str     0x0000049e       0x8d ./Sources/Drivers/gpio/gpio.o
                                0x2de (size before relaxing)
 .debug_str     0x0000052b       0xcc ./Sources/Drivers/mcg/mcg.o
                                0x249 (size before relaxing)
 .debug_str     0x000005f7       0xfa ./Sources/Drivers/uart/uart.o
                                0x392 (size before relaxing)
 .debug_str     0x000006f1       0x7b ./Sources/cpu/sysinit.o
                                0x330 (size before relaxing)
 .debug_str     0x0000076c       0xe2 ./Sources/main.o
                                0x27e (size before relaxing)
 .debug_str     0x0000084e       0x60 C:/Freescale/CW MCU v10.5/MCU/ARM_GCC_Support/ewl/lib/armv6-m\libc.a(exit.o)
                                0x157 (size before relaxing)
 .debug_str     0x000008ae       0x23 C:/Freescale/CW MCU v10.5/MCU/ARM_GCC_Support/ewl/lib/armv6-m\libc.a(memset.o)
                                0x140 (size before relaxing)
 .debug_str     0x000008d1       0x2d C:/Freescale/CW MCU v10.5/MCU/ARM_GCC_Support/ewl/lib/armv6-m\libc.a(__filll_mem.o)
                                0x152 (size before relaxing)
 .debug_str     0x000008fe      0x126 C:/Freescale/CW MCU v10.5/MCU/ARM_GCC_Support/ewl/lib/armv6-m\librt.a(gcc_ctor_dtor.o)
                                0x181 (size before relaxing)
 .debug_str     0x00000a24       0xa6 C:/Freescale/CW MCU v10.5/MCU/ARM_GCC_Support/ewl/lib/armv6-m\librt.a(ROMCopy.o)
                                0x13c (size before relaxing)
 .debug_str     0x00000aca       0xf8 C:/Freescale/CW MCU v10.5/MCU/ARM_GCC_Support/ewl/lib/armv6-m\librt.a(__arm_eabi_init.o)
                                0x1b5 (size before relaxing)

.comment        0x00000000       0x79
 .comment       0x00000000       0x79 ./Project_Settings/Startup_Code/kinetis_sysinit.o
                                 0x7a (size before relaxing)
 .comment       0x00000000       0x7a ./Project_Settings/Startup_Code/__arm_start.o
 .comment       0x00000000       0x7a ./Project_Settings/Startup_Code/__arm_end.o
 .comment       0x00000000       0x7a ./Sources/Common/libs.o
 .comment       0x00000000       0x7a ./Sources/Common/io.o
 .comment       0x00000000       0x7a ./Sources/Drivers/gpio/gpio.o
 .comment       0x00000000       0x7a ./Sources/Drivers/mcg/mcg.o
 .comment       0x00000000       0x7a ./Sources/Drivers/uart/uart.o
 .comment       0x00000000       0x7a ./Sources/cpu/sysinit.o
 .comment       0x00000000       0x7a ./Sources/main.o
 .comment       0x00000000       0x7a C:/Freescale/CW MCU v10.5/MCU/ARM_GCC_Support/ewl/lib/armv6-m\libc.a(exit.o)
 .comment       0x00000000       0x7a C:/Freescale/CW MCU v10.5/MCU/ARM_GCC_Support/ewl/lib/armv6-m\libc.a(memset.o)
 .comment       0x00000000       0x7a C:/Freescale/CW MCU v10.5/MCU/ARM_GCC_Support/ewl/lib/armv6-m\libc.a(__filll_mem.o)
 .comment       0x00000000       0x7a C:/Freescale/CW MCU v10.5/MCU/ARM_GCC_Support/ewl/lib/armv6-m\librt.a(gcc_ctor_dtor.o)
 .comment       0x00000000       0x7a C:/Freescale/CW MCU v10.5/MCU/ARM_GCC_Support/ewl/lib/armv6-m\librt.a(ROMCopy.o)
 .comment       0x00000000       0x7a C:/Freescale/CW MCU v10.5/MCU/ARM_GCC_Support/ewl/lib/armv6-m\librt.a(__arm_eabi_init.o)

.debug_frame    0x00000000      0x5c0
 .debug_frame   0x00000000       0x48 ./Project_Settings/Startup_Code/kinetis_sysinit.o
 .debug_frame   0x00000048       0x4c ./Project_Settings/Startup_Code/__arm_start.o
 .debug_frame   0x00000094       0x30 ./Project_Settings/Startup_Code/__arm_end.o
 .debug_frame   0x000000c4       0x30 ./Sources/Common/libs.o
 .debug_frame   0x000000f4       0x4c ./Sources/Common/io.o
 .debug_frame   0x00000140       0x2c ./Sources/Drivers/gpio/gpio.o
 .debug_frame   0x0000016c       0x30 ./Sources/Drivers/mcg/mcg.o
 .debug_frame   0x0000019c      0x110 ./Sources/Drivers/uart/uart.o
 .debug_frame   0x000002ac       0x30 ./Sources/cpu/sysinit.o
 .debug_frame   0x000002dc       0xd4 ./Sources/main.o
 .debug_frame   0x000003b0       0x2c C:/Freescale/CW MCU v10.5/MCU/ARM_GCC_Support/ewl/lib/armv6-m\libc.a(exit.o)
 .debug_frame   0x000003dc       0x28 C:/Freescale/CW MCU v10.5/MCU/ARM_GCC_Support/ewl/lib/armv6-m\libc.a(memset.o)
 .debug_frame   0x00000404       0x2c C:/Freescale/CW MCU v10.5/MCU/ARM_GCC_Support/ewl/lib/armv6-m\libc.a(__filll_mem.o)
 .debug_frame   0x00000430       0x20 c:/freescale/cw mcu v10.5/cross_tools/arm-none-eabi-gcc-4_7_3/bin/../lib/gcc/arm-none-eabi/4.7.3/armv6-m\libgcc.a(_udivsi3.o)
 .debug_frame   0x00000450       0x20 c:/freescale/cw mcu v10.5/cross_tools/arm-none-eabi-gcc-4_7_3/bin/../lib/gcc/arm-none-eabi/4.7.3/armv6-m\libgcc.a(_divsi3.o)
 .debug_frame   0x00000470       0x40 C:/Freescale/CW MCU v10.5/MCU/ARM_GCC_Support/ewl/lib/armv6-m\librt.a(gcc_ctor_dtor.o)
 .debug_frame   0x000004b0       0x54 C:/Freescale/CW MCU v10.5/MCU/ARM_GCC_Support/ewl/lib/armv6-m\librt.a(ROMCopy.o)
 .debug_frame   0x00000504       0xbc C:/Freescale/CW MCU v10.5/MCU/ARM_GCC_Support/ewl/lib/armv6-m\librt.a(__arm_eabi_init.o)
